<?xml version="1.0" encoding="UTF-8"?>
<TestRun id="6d1c0b4a-578a-4f14-890d-bd4d8431acd2" name="yaowen@YAOWEN-PC 2012-06-12 21:04:55" runUser="yaowen-PC\yaowen" xmlns="http://microsoft.com/schemas/VisualStudio/TeamTest/2010">
  <TestSettings name="本地" id="1ff404fe-f118-486d-b728-2179d9e1be88">
    <Description>这些设置为本地测试运行的默认测试设置。</Description>
    <Deployment enabled="false" runDeploymentRoot="yaowen_YAOWEN-PC 2012-06-12 21_04_55">
      <DeploymentItem filename="C:\Users\yaowen\Desktop\web\TicketBookWebSite\NHibernate.dll" />
      <DeploymentItem filename="C:\Users\yaowen\Desktop\web\TicketBookWebSite\Castle.Core.dll" />
      <DeploymentItem filename="C:\Users\yaowen\Desktop\web\TicketBookWebSite\NHibernate.ByteCode.Castle.dll" />
      <DeploymentItem filename="C:\Users\yaowen\Desktop\web\TicketBookWebSite\DAL\bin\Debug\DAL.dll" />
      <DeploymentItem filename="C:\Users\yaowen\Desktop\web\TicketBookWebSite\castle.dynamicproxy2.dll" />
      <DeploymentItem filename="C:\Users\yaowen\Desktop\web\TicketBookWebSite\Iesi.Collections.dll" />
    </Deployment>
    <Execution>
      <TestTypeSpecific />
      <AgentRule name="Execution Agents">
      </AgentRule>
    </Execution>
  </TestSettings>
  <Times creation="2012-06-12T21:04:55.2748672+08:00" queuing="2012-06-12T21:04:56.8429569+08:00" start="2012-06-12T21:04:56.9299619+08:00" finish="2012-06-12T21:05:00.8471859+08:00" />
  <ResultSummary outcome="Failed">
    <Counters total="4" executed="4" passed="1" error="0" failed="3" timeout="0" aborted="0" inconclusive="0" passedButRunAborted="0" notRunnable="0" notExecuted="0" disconnected="0" warning="0" completed="0" inProgress="0" pending="0" />
  </ResultSummary>
  <TestDefinitions>
    <UnitTest name="changePasswordTest" storage="c:\users\yaowen\desktop\web\ticketbookwebsite\ticketbooktest\bin\debug\ticketbooktest.dll" id="5ec55872-1f8e-7b8d-b15c-1dc76c5edf4b">
      <Execution id="b11fd14d-9d97-442a-b3df-f6b5a1a34506" />
      <TestMethod codeBase="C:/Users/yaowen/Desktop/web/TicketBookWebSite/ticketBookTest/bin/Debug/ticketBookTest.DLL" adapterTypeName="Microsoft.VisualStudio.TestTools.TestTypes.Unit.UnitTestAdapter, Microsoft.VisualStudio.QualityTools.Tips.UnitTest.Adapter, Version=10.0.0.0, Culture=neutral, PublicKeyToken=b03f5f7f11d50a3a" className="ticketBookTest.UserSessionTest, ticketBookTest, Version=1.0.0.0, Culture=neutral, PublicKeyToken=null" name="changePasswordTest" />
    </UnitTest>
    <UnitTest name="TestMethod1" storage="c:\users\yaowen\desktop\web\ticketbookwebsite\ticketbooktest\bin\debug\ticketbooktest.dll" id="4622fdb6-a043-3a48-7e51-745a41ef2914">
      <Execution id="d464114b-ccb0-4a21-9681-b0918e074450" />
      <TestMethod codeBase="C:/Users/yaowen/Desktop/web/TicketBookWebSite/ticketBookTest/bin/Debug/ticketBookTest.DLL" adapterTypeName="Microsoft.VisualStudio.TestTools.TestTypes.Unit.UnitTestAdapter, Microsoft.VisualStudio.QualityTools.Tips.UnitTest.Adapter, Version=10.0.0.0, Culture=neutral, PublicKeyToken=b03f5f7f11d50a3a" className="ticketBookTest.ticketfinanceText, ticketBookTest, Version=1.0.0.0, Culture=neutral, PublicKeyToken=null" name="TestMethod1" />
    </UnitTest>
    <UnitTest name="ValidateUserTest" storage="c:\users\yaowen\desktop\web\ticketbookwebsite\ticketbooktest\bin\debug\ticketbooktest.dll" id="3cbd35f7-7dc5-e0f4-ae17-6e1cb060f3ae">
      <Execution id="6c6196d6-7707-466d-a981-9c64a713b67d" />
      <TestMethod codeBase="C:/Users/yaowen/Desktop/web/TicketBookWebSite/ticketBookTest/bin/Debug/ticketBookTest.DLL" adapterTypeName="Microsoft.VisualStudio.TestTools.TestTypes.Unit.UnitTestAdapter, Microsoft.VisualStudio.QualityTools.Tips.UnitTest.Adapter, Version=10.0.0.0, Culture=neutral, PublicKeyToken=b03f5f7f11d50a3a" className="ticketBookTest.UserSessionTest, ticketBookTest, Version=1.0.0.0, Culture=neutral, PublicKeyToken=null" name="ValidateUserTest" />
    </UnitTest>
    <UnitTest name="getTicketByIDTest" storage="c:\users\yaowen\desktop\web\ticketbookwebsite\ticketbooktest\bin\debug\ticketbooktest.dll" id="18ae8939-e637-6c1f-550f-fa6650834d96">
      <Execution id="08409d13-2383-47ca-a9a8-f1c9f1c691fa" />
      <TestMethod codeBase="C:/Users/yaowen/Desktop/web/TicketBookWebSite/ticketBookTest/bin/Debug/ticketBookTest.DLL" adapterTypeName="Microsoft.VisualStudio.TestTools.TestTypes.Unit.UnitTestAdapter, Microsoft.VisualStudio.QualityTools.Tips.UnitTest.Adapter, Version=10.0.0.0, Culture=neutral, PublicKeyToken=b03f5f7f11d50a3a" className="ticketBookTest.ticketSessionTest, ticketBookTest, Version=1.0.0.0, Culture=neutral, PublicKeyToken=null" name="getTicketByIDTest" />
    </UnitTest>
  </TestDefinitions>
  <TestLists>
    <TestList name="列表中未列出的结果" id="8c84fa94-04c1-424b-9868-57a2d4851a1d" />
    <TestList name="所有已加载的结果" id="19431567-8539-422a-85d7-44ee4e166bda" />
  </TestLists>
  <TestEntries>
    <TestEntry testId="18ae8939-e637-6c1f-550f-fa6650834d96" executionId="08409d13-2383-47ca-a9a8-f1c9f1c691fa" testListId="8c84fa94-04c1-424b-9868-57a2d4851a1d" />
    <TestEntry testId="3cbd35f7-7dc5-e0f4-ae17-6e1cb060f3ae" executionId="6c6196d6-7707-466d-a981-9c64a713b67d" testListId="8c84fa94-04c1-424b-9868-57a2d4851a1d" />
    <TestEntry testId="5ec55872-1f8e-7b8d-b15c-1dc76c5edf4b" executionId="b11fd14d-9d97-442a-b3df-f6b5a1a34506" testListId="8c84fa94-04c1-424b-9868-57a2d4851a1d" />
    <TestEntry testId="4622fdb6-a043-3a48-7e51-745a41ef2914" executionId="d464114b-ccb0-4a21-9681-b0918e074450" testListId="8c84fa94-04c1-424b-9868-57a2d4851a1d" />
  </TestEntries>
  <Results>
    <UnitTestResult executionId="08409d13-2383-47ca-a9a8-f1c9f1c691fa" testId="18ae8939-e637-6c1f-550f-fa6650834d96" testName="getTicketByIDTest" computerName="YAOWEN-PC" duration="00:00:02.0881343" startTime="2012-06-12T21:04:56.9929655+08:00" endTime="2012-06-12T21:05:00.3491575+08:00" testType="13cdc9d9-ddb5-4fa4-a97d-d965ccfc6d4b" outcome="Passed" testListId="8c84fa94-04c1-424b-9868-57a2d4851a1d" relativeResultsDirectory="08409d13-2383-47ca-a9a8-f1c9f1c691fa">
    </UnitTestResult>
    <UnitTestResult executionId="6c6196d6-7707-466d-a981-9c64a713b67d" testId="3cbd35f7-7dc5-e0f4-ae17-6e1cb060f3ae" testName="ValidateUserTest" computerName="YAOWEN-PC" duration="00:00:00.1520393" startTime="2012-06-12T21:05:00.3661584+08:00" endTime="2012-06-12T21:05:00.5291678+08:00" testType="13cdc9d9-ddb5-4fa4-a97d-d965ccfc6d4b" outcome="Failed" testListId="8c84fa94-04c1-424b-9868-57a2d4851a1d" relativeResultsDirectory="6c6196d6-7707-466d-a981-9c64a713b67d">
      <Output>
        <ErrorInfo>
          <Message>Assert.AreEqual 失败。应为: &lt;True&gt;，实际为: &lt;False&gt;。</Message>
          <StackTrace>   在 ticketBookTest.UserSessionTest.ValidateUserTest() 位置 C:\Users\yaowen\Desktop\web\TicketBookWebSite\ticketBookTest\UserSessionTest.cs:行号 83
</StackTrace>
        </ErrorInfo>
      </Output>
    </UnitTestResult>
    <UnitTestResult executionId="b11fd14d-9d97-442a-b3df-f6b5a1a34506" testId="5ec55872-1f8e-7b8d-b15c-1dc76c5edf4b" testName="changePasswordTest" computerName="YAOWEN-PC" duration="00:00:00.0331001" startTime="2012-06-12T21:05:00.5391683+08:00" endTime="2012-06-12T21:05:00.5841709+08:00" testType="13cdc9d9-ddb5-4fa4-a97d-d965ccfc6d4b" outcome="Failed" testListId="8c84fa94-04c1-424b-9868-57a2d4851a1d" relativeResultsDirectory="b11fd14d-9d97-442a-b3df-f6b5a1a34506">
      <Output>
        <ErrorInfo>
          <Message>Assert.AreEqual 失败。应为: &lt;True&gt;，实际为: &lt;False&gt;。</Message>
          <StackTrace>   在 ticketBookTest.UserSessionTest.changePasswordTest() 位置 C:\Users\yaowen\Desktop\web\TicketBookWebSite\ticketBookTest\UserSessionTest.cs:行号 101
</StackTrace>
        </ErrorInfo>
      </Output>
    </UnitTestResult>
    <UnitTestResult executionId="d464114b-ccb0-4a21-9681-b0918e074450" testId="4622fdb6-a043-3a48-7e51-745a41ef2914" testName="TestMethod1" computerName="YAOWEN-PC" duration="00:00:00.1557435" startTime="2012-06-12T21:05:00.5901712+08:00" endTime="2012-06-12T21:05:00.7541806+08:00" testType="13cdc9d9-ddb5-4fa4-a97d-d965ccfc6d4b" outcome="Failed" testListId="8c84fa94-04c1-424b-9868-57a2d4851a1d" relativeResultsDirectory="d464114b-ccb0-4a21-9681-b0918e074450">
      <Output>
        <ErrorInfo>
          <Message>测试方法 ticketBookTest.ticketfinanceText.TestMethod1 引发了异常: 
NHibernate.Exceptions.GenericADOException: could not load an entity: [DAL.ticketfinance#zhuzhao][SQL: SELECT ticketfina0_.ID as ID2_0_, ticketfina0_.startPos as startPos2_0_, ticketfina0_.endPoint as endPoint2_0_, ticketfina0_.price as price2_0_, ticketfina0_.sellNum as sellNum2_0_, ticketfina0_.undoNum as undoNum2_0_, ticketfina0_.income as income2_0_ FROM ticketfiance ticketfina0_ WHERE ticketfina0_.ID=?] ---&gt; MySql.Data.MySqlClient.MySqlException: Unknown column 'ticketfina0_.startPos' in 'field list'</Message>
          <StackTrace>    在 MySql.Data.MySqlClient.MySqlStream.ReadPacket()
   在 MySql.Data.MySqlClient.NativeDriver.GetResult(Int32&amp; affectedRow, Int32&amp; insertedId)
   在 MySql.Data.MySqlClient.Driver.GetResult(Int32 statementId, Int32&amp; affectedRows, Int32&amp; insertedId)
   在 MySql.Data.MySqlClient.Driver.NextResult(Int32 statementId)
   在 MySql.Data.MySqlClient.MySqlDataReader.NextResult()
   在 MySql.Data.MySqlClient.MySqlCommand.ExecuteReader(CommandBehavior behavior)
   在 MySql.Data.MySqlClient.MySqlCommand.ExecuteDbDataReader(CommandBehavior behavior)
   在 System.Data.Common.DbCommand.System.Data.IDbCommand.ExecuteReader()
   在 NHibernate.AdoNet.AbstractBatcher.ExecuteReader(IDbCommand cmd)
   在 NHibernate.Loader.Loader.GetResultSet(IDbCommand st, Boolean autoDiscoverTypes, Boolean callable, RowSelection selection, ISessionImplementor session)
   在 NHibernate.Loader.Loader.DoQuery(ISessionImplementor session, QueryParameters queryParameters, Boolean returnProxies)
   在 NHibernate.Loader.Loader.DoQueryAndInitializeNonLazyCollections(ISessionImplementor session, QueryParameters queryParameters, Boolean returnProxies)
   在 NHibernate.Loader.Loader.LoadEntity(ISessionImplementor session, Object id, IType identifierType, Object optionalObject, String optionalEntityName, Object optionalIdentifier, IEntityPersister persister)
 --- 内部异常堆栈跟踪的末尾 ---
    在 NHibernate.Loader.Loader.LoadEntity(ISessionImplementor session, Object id, IType identifierType, Object optionalObject, String optionalEntityName, Object optionalIdentifier, IEntityPersister persister)
   在 NHibernate.Loader.Entity.AbstractEntityLoader.Load(ISessionImplementor session, Object id, Object optionalObject, Object optionalId)
   在 NHibernate.Loader.Entity.AbstractEntityLoader.Load(Object id, Object optionalObject, ISessionImplementor session)
   在 NHibernate.Persister.Entity.AbstractEntityPersister.Load(Object id, Object optionalObject, LockMode lockMode, ISessionImplementor session)
   在 NHibernate.Event.Default.DefaultLoadEventListener.LoadFromDatasource(LoadEvent event, IEntityPersister persister, EntityKey keyToLoad, LoadType options)
   在 NHibernate.Event.Default.DefaultLoadEventListener.DoLoad(LoadEvent event, IEntityPersister persister, EntityKey keyToLoad, LoadType options)
   在 NHibernate.Event.Default.DefaultLoadEventListener.Load(LoadEvent event, IEntityPersister persister, EntityKey keyToLoad, LoadType options)
   在 NHibernate.Event.Default.DefaultLoadEventListener.ProxyOrLoad(LoadEvent event, IEntityPersister persister, EntityKey keyToLoad, LoadType options)
   在 NHibernate.Event.Default.DefaultLoadEventListener.OnLoad(LoadEvent event, LoadType loadType)
   在 NHibernate.Impl.SessionImpl.FireLoad(LoadEvent event, LoadType loadType)
   在 NHibernate.Impl.SessionImpl.Get(String entityName, Object id)
   在 NHibernate.Impl.SessionImpl.Get(Type entityClass, Object id)
   在 NHibernate.Impl.SessionImpl.Get[T](Object id)
   在 DAL.Handle.ticketfinanceSession.getTicketfinanceByID(String id) 位置 C:\Users\yaowen\Desktop\web\TicketBookWebSite\DAL\Handle\ticketfinanceSession.cs:行号 38
   在 ticketBookTest.ticketfinanceText.TestMethod1() 位置 C:\Users\yaowen\Desktop\web\TicketBookWebSite\ticketBookTest\ticketfinanceText.cs:行号 71
</StackTrace>
        </ErrorInfo>
      </Output>
    </UnitTestResult>
  </Results>
</TestRun>