<?xml version="1.0" encoding="UTF-8"?>
<TestRun id="0e5071de-b7c8-4efa-a7fd-fdd10a8b9b4a" name="xulei@XULEI-PC 2012-05-18 12:04:09" runUser="xulei-PC\xulei" xmlns="http://microsoft.com/schemas/VisualStudio/TeamTest/2010">
  <TestSettings name="本地" id="1ff404fe-f118-486d-b728-2179d9e1be88">
    <Description>这些设置为本地测试运行的默认测试设置。</Description>
    <Deployment enabled="false" runDeploymentRoot="xulei_XULEI-PC 2012-05-18 12_04_09">
      <DeploymentItem filename="C:\Users\xulei\Desktop\TicketBookWebSite\DAL\bin\Debug\DAL.dll" />
      <DeploymentItem filename="C:\Users\xulei\Desktop\TicketBookWebSite\Castle.Core.dll" />
      <DeploymentItem filename="C:\Users\xulei\Desktop\TicketBookWebSite\castle.dynamicproxy2.dll" />
      <DeploymentItem filename="C:\Users\xulei\Desktop\TicketBookWebSite\NHibernate.dll" />
      <DeploymentItem filename="C:\Users\xulei\Desktop\TicketBookWebSite\NHibernate.ByteCode.Castle.dll" />
      <DeploymentItem filename="C:\Users\xulei\Desktop\TicketBookWebSite\Iesi.Collections.dll" />
    </Deployment>
    <Execution>
      <TestTypeSpecific />
      <AgentRule name="Execution Agents">
      </AgentRule>
    </Execution>
  </TestSettings>
  <Times creation="2012-05-18T12:04:09.8117219+08:00" queuing="2012-05-18T12:04:09.8237226+08:00" start="2012-05-18T12:04:09.8447238+08:00" finish="2012-05-18T12:04:10.9667880+08:00" />
  <ResultSummary outcome="Failed">
    <Counters total="1" executed="1" error="0" failed="1" timeout="0" aborted="0" inconclusive="0" passedButRunAborted="0" notRunnable="0" notExecuted="0" disconnected="0" warning="0" passed="0" completed="0" inProgress="0" pending="0" />
  </ResultSummary>
  <TestDefinitions>
    <UnitTest name="ValidateUserTest" storage="c:\users\xulei\desktop\ticketbookwebsite\ticketbooktest\bin\debug\ticketbooktest.dll" id="3cbd35f7-7dc5-e0f4-ae17-6e1cb060f3ae">
      <Execution id="5be0375b-73c9-4eff-9f3c-b246041828cf" />
      <TestMethod codeBase="C:/Users/xulei/Desktop/TicketBookWebSite/ticketBookTest/bin/Debug/ticketBookTest.DLL" adapterTypeName="Microsoft.VisualStudio.TestTools.TestTypes.Unit.UnitTestAdapter, Microsoft.VisualStudio.QualityTools.Tips.UnitTest.Adapter, Version=10.0.0.0, Culture=neutral, PublicKeyToken=b03f5f7f11d50a3a" className="ticketBookTest.UserSessionTest, ticketBookTest, Version=1.0.0.0, Culture=neutral, PublicKeyToken=null" name="ValidateUserTest" />
    </UnitTest>
  </TestDefinitions>
  <TestLists>
    <TestList name="列表中未列出的结果" id="8c84fa94-04c1-424b-9868-57a2d4851a1d" />
    <TestList name="所有已加载的结果" id="19431567-8539-422a-85d7-44ee4e166bda" />
  </TestLists>
  <TestEntries>
    <TestEntry testId="3cbd35f7-7dc5-e0f4-ae17-6e1cb060f3ae" executionId="5be0375b-73c9-4eff-9f3c-b246041828cf" testListId="8c84fa94-04c1-424b-9868-57a2d4851a1d" />
  </TestEntries>
  <Results>
    <UnitTestResult executionId="5be0375b-73c9-4eff-9f3c-b246041828cf" testId="3cbd35f7-7dc5-e0f4-ae17-6e1cb060f3ae" testName="ValidateUserTest" computerName="XULEI-PC" duration="00:00:00.8628970" startTime="2012-05-18T12:04:09.8617248+08:00" endTime="2012-05-18T12:04:10.9437867+08:00" testType="13cdc9d9-ddb5-4fa4-a97d-d965ccfc6d4b" outcome="Failed" testListId="8c84fa94-04c1-424b-9868-57a2d4851a1d" relativeResultsDirectory="5be0375b-73c9-4eff-9f3c-b246041828cf">
      <Output>
        <ErrorInfo>
          <Message>测试方法 ticketBookTest.UserSessionTest.ValidateUserTest 引发了异常: 
NHibernate.MappingException: Could not compile the mapping document: DAL.Model.UserInfo.hbm.xml ---&gt; NHibernate.MappingException: Problem trying to set property type by reflection ---&gt; NHibernate.MappingException: class DAL.UserInfo, DAL, Version=1.0.0.0, Culture=neutral, PublicKeyToken=null not found while looking for property: id ---&gt; NHibernate.PropertyNotFoundException: Could not find a getter for property 'id' in class 'DAL.UserInfo'</Message>
          <StackTrace>    在 NHibernate.Properties.BasicPropertyAccessor.GetGetter(Type type, String propertyName)
   在 NHibernate.Util.ReflectHelper.ReflectedPropertyClass(String className, String name, String accessorName)
 --- 内部异常堆栈跟踪的末尾 ---
    在 NHibernate.Util.ReflectHelper.ReflectedPropertyClass(String className, String name, String accessorName)
   在 NHibernate.Mapping.SimpleValue.SetTypeUsingReflection(String className, String propertyName, String accesorName)
 --- 内部异常堆栈跟踪的末尾 ---
    在 NHibernate.Mapping.SimpleValue.SetTypeUsingReflection(String className, String propertyName, String accesorName)
   在 NHibernate.Cfg.XmlHbmBinding.ClassIdBinder.CreateIdentifierProperty(HbmId idSchema, PersistentClass rootClass, SimpleValue id)
   在 NHibernate.Cfg.XmlHbmBinding.ClassIdBinder.BindId(HbmId idSchema, PersistentClass rootClass, Table table)
   在 NHibernate.Cfg.XmlHbmBinding.RootClassBinder.Bind(HbmClass classSchema, IDictionary`2 inheritedMetas)
   在 NHibernate.Cfg.XmlHbmBinding.MappingRootBinder.AddEntitiesMappings(HbmMapping mappingSchema, IDictionary`2 inheritedMetas)
   在 NHibernate.Cfg.XmlHbmBinding.MappingRootBinder.Bind(HbmMapping mappingSchema)
   在 NHibernate.Cfg.Configuration.AddDeserializedMapping(HbmMapping mappingDocument, String documentFileName)
 --- 内部异常堆栈跟踪的末尾 ---
    在 NHibernate.Cfg.Configuration.LogAndThrow(Exception exception)
   在 NHibernate.Cfg.Configuration.AddDeserializedMapping(HbmMapping mappingDocument, String documentFileName)
   在 NHibernate.Cfg.Configuration.ProcessMappingsQueue()
   在 NHibernate.Cfg.Configuration.AddInputStream(Stream xmlInputStream, String name)
   在 NHibernate.Cfg.Configuration.AddResource(String path, Assembly assembly)
   在 NHibernate.Cfg.Configuration.AddAssembly(Assembly assembly)
   在 NHibernate.Cfg.Configuration.AddAssembly(String assemblyName)
   在 NHibernate.Cfg.Configuration.DoConfigure(ISessionFactoryConfiguration factoryConfiguration)
   在 NHibernate.Cfg.Configuration.Configure(XmlReader textReader)
   在 NHibernate.Cfg.Configuration.Configure(String fileName, Boolean ignoreSessionFactoryConfig)
   在 NHibernate.Cfg.Configuration.Configure()
   在 DAL.NHibernateHelper.GetSessionFactory() 位置 C:\Users\xulei\Desktop\TicketBookWebSite\DAL\NHibernateHelper.cs:行号 21
   在 DAL.NHibernateHelper.GetSession() 位置 C:\Users\xulei\Desktop\TicketBookWebSite\DAL\NHibernateHelper.cs:行号 28
   在 DAL.Handle.UserSession..ctor() 位置 C:\Users\xulei\Desktop\TicketBookWebSite\DAL\Handle\UserSession.cs:行号 17
   在 ticketBookTest.UserSessionTest.ValidateUserTest() 位置 C:\Users\xulei\Desktop\TicketBookWebSite\ticketBookTest\UserSessionTest.cs:行号 73
</StackTrace>
        </ErrorInfo>
      </Output>
    </UnitTestResult>
  </Results>
</TestRun>