<?xml version="1.0" encoding="UTF-8"?>
<TestRun id="3501e06a-94a9-41a3-b784-38127ffade5e" name="xulei@XULEI-PC 2012-06-15 13:28:32" runUser="xulei-PC\xulei" xmlns="http://microsoft.com/schemas/VisualStudio/TeamTest/2010">
  <TestSettings name="本地" id="1ff404fe-f118-486d-b728-2179d9e1be88">
    <Description>这些设置为本地测试运行的默认测试设置。</Description>
    <Deployment enabled="false" runDeploymentRoot="xulei_XULEI-PC 2012-06-15 13_28_32">
      <DeploymentItem filename="C:\长途汽车售票（姚耀文，徐磊）\TicketBookWebSite5\DAL\bin\Debug\DAL.dll" />
      <DeploymentItem filename="C:\长途汽车售票（姚耀文，徐磊）\TicketBookWebSite5\Castle.Core.dll" />
      <DeploymentItem filename="C:\长途汽车售票（姚耀文，徐磊）\TicketBookWebSite5\castle.dynamicproxy2.dll" />
      <DeploymentItem filename="C:\长途汽车售票（姚耀文，徐磊）\TicketBookWebSite5\Iesi.Collections.dll" />
      <DeploymentItem filename="C:\长途汽车售票（姚耀文，徐磊）\TicketBookWebSite5\NHibernate.dll" />
      <DeploymentItem filename="C:\长途汽车售票（姚耀文，徐磊）\TicketBookWebSite5\NHibernate.ByteCode.Castle.dll" />
    </Deployment>
    <Execution>
      <TestTypeSpecific />
      <AgentRule name="Execution Agents">
      </AgentRule>
    </Execution>
  </TestSettings>
  <Times creation="2012-06-15T13:28:32.9021830+08:00" queuing="2012-06-15T13:28:34.0902509+08:00" start="2012-06-15T13:28:34.2482600+08:00" finish="2012-06-15T13:29:08.5832238+08:00" />
  <ResultSummary outcome="Error">
    <Counters total="7" executed="3" passed="2" error="0" failed="0" timeout="0" aborted="1" inconclusive="0" passedButRunAborted="0" notRunnable="0" notExecuted="4" disconnected="0" warning="0" completed="0" inProgress="0" pending="0" />
    <RunInfos>
      <RunInfo computerName="XULEI-PC" outcome="Error" timestamp="2012-06-15T13:29:08.5812237+08:00">
        <Text>测试宿主进程意外退出。</Text>
      </RunInfo>
    </RunInfos>
  </ResultSummary>
  <TestDefinitions>
    <UnitTest name="addTicketfinanceTest" storage="c:\长途汽车售票（姚耀文，徐磊）\ticketbookwebsite5\ticketbooktest\bin\debug\ticketbooktest.dll" id="03312413-d668-cc90-6556-2f9539542e50">
      <Execution id="11c8be2e-e232-4bdb-8bd5-116b75743262" />
      <TestMethod codeBase="C:/长途汽车售票（姚耀文，徐磊）/TicketBookWebSite5/ticketBookTest/bin/Debug/ticketBookTest.DLL" adapterTypeName="Microsoft.VisualStudio.TestTools.TestTypes.Unit.UnitTestAdapter, Microsoft.VisualStudio.QualityTools.Tips.UnitTest.Adapter, Version=10.0.0.0, Culture=neutral, PublicKeyToken=b03f5f7f11d50a3a" className="ticketBookTest.ticketfinanceSessionTest, ticketBookTest, Version=1.0.0.0, Culture=neutral, PublicKeyToken=null" name="addTicketfinanceTest" />
    </UnitTest>
    <UnitTest name="saveTicketTest" storage="c:\长途汽车售票（姚耀文，徐磊）\ticketbookwebsite5\ticketbooktest\bin\debug\ticketbooktest.dll" id="ec008cdd-b77f-3422-4fe3-3f3ee3035ae3">
      <Execution id="2aada192-f644-4e0b-ad64-83965e88904f" />
      <TestMethod codeBase="C:/长途汽车售票（姚耀文，徐磊）/TicketBookWebSite5/ticketBookTest/bin/Debug/ticketBookTest.DLL" adapterTypeName="Microsoft.VisualStudio.TestTools.TestTypes.Unit.UnitTestAdapter, Microsoft.VisualStudio.QualityTools.Tips.UnitTest.Adapter, Version=10.0.0.0, Culture=neutral, PublicKeyToken=b03f5f7f11d50a3a" className="ticketBookTest.preferentialSessionTest, ticketBookTest, Version=1.0.0.0, Culture=neutral, PublicKeyToken=null" name="saveTicketTest" />
    </UnitTest>
    <UnitTest name="ValidateUserTest" storage="c:\长途汽车售票（姚耀文，徐磊）\ticketbookwebsite5\ticketbooktest\bin\debug\ticketbooktest.dll" id="3cbd35f7-7dc5-e0f4-ae17-6e1cb060f3ae">
      <Execution id="a16d1b0c-46de-44c2-98ea-8298aa58d77d" />
      <TestMethod codeBase="C:/长途汽车售票（姚耀文，徐磊）/TicketBookWebSite5/ticketBookTest/bin/Debug/ticketBookTest.DLL" adapterTypeName="Microsoft.VisualStudio.TestTools.TestTypes.Unit.UnitTestAdapter, Microsoft.VisualStudio.QualityTools.Tips.UnitTest.Adapter, Version=10.0.0.0, Culture=neutral, PublicKeyToken=b03f5f7f11d50a3a" className="ticketBookTest.UserSessionTest, ticketBookTest, Version=1.0.0.0, Culture=neutral, PublicKeyToken=null" name="ValidateUserTest" />
    </UnitTest>
    <UnitTest name="changePasswordTest" storage="c:\长途汽车售票（姚耀文，徐磊）\ticketbookwebsite5\ticketbooktest\bin\debug\ticketbooktest.dll" id="5ec55872-1f8e-7b8d-b15c-1dc76c5edf4b">
      <Execution id="edf33e3c-364d-4ac0-9e40-2de08b30a5f9" />
      <TestMethod codeBase="C:/长途汽车售票（姚耀文，徐磊）/TicketBookWebSite5/ticketBookTest/bin/Debug/ticketBookTest.DLL" adapterTypeName="Microsoft.VisualStudio.TestTools.TestTypes.Unit.UnitTestAdapter, Microsoft.VisualStudio.QualityTools.Tips.UnitTest.Adapter, Version=10.0.0.0, Culture=neutral, PublicKeyToken=b03f5f7f11d50a3a" className="ticketBookTest.UserSessionTest, ticketBookTest, Version=1.0.0.0, Culture=neutral, PublicKeyToken=null" name="changePasswordTest" />
    </UnitTest>
    <UnitTest name="TestMethod1" storage="c:\长途汽车售票（姚耀文，徐磊）\ticketbookwebsite5\ticketbooktest\bin\debug\ticketbooktest.dll" id="4622fdb6-a043-3a48-7e51-745a41ef2914">
      <Execution id="cf28cc34-c9a0-4148-b1f8-408131998285" />
      <TestMethod codeBase="C:/长途汽车售票（姚耀文，徐磊）/TicketBookWebSite5/ticketBookTest/bin/Debug/ticketBookTest.DLL" adapterTypeName="Microsoft.VisualStudio.TestTools.TestTypes.Unit.UnitTestAdapter, Microsoft.VisualStudio.QualityTools.Tips.UnitTest.Adapter, Version=10.0.0.0, Culture=neutral, PublicKeyToken=b03f5f7f11d50a3a" className="ticketBookTest.ticketfinanceText, ticketBookTest, Version=1.0.0.0, Culture=neutral, PublicKeyToken=null" name="TestMethod1" />
    </UnitTest>
    <UnitTest name="TestMethod2" storage="c:\长途汽车售票（姚耀文，徐磊）\ticketbookwebsite5\ticketbooktest\bin\debug\ticketbooktest.dll" id="826d7414-51d6-560f-0706-77f4dc95073a">
      <Execution id="102b683f-4d2e-45c0-8819-a3ad520603fa" />
      <TestMethod codeBase="C:/长途汽车售票（姚耀文，徐磊）/TicketBookWebSite5/ticketBookTest/bin/Debug/ticketBookTest.DLL" adapterTypeName="Microsoft.VisualStudio.TestTools.TestTypes.Unit.UnitTestAdapter, Microsoft.VisualStudio.QualityTools.Tips.UnitTest.Adapter, Version=10.0.0.0, Culture=neutral, PublicKeyToken=b03f5f7f11d50a3a" className="ticketBookTest.UnitTest1, ticketBookTest, Version=1.0.0.0, Culture=neutral, PublicKeyToken=null" name="TestMethod2" />
    </UnitTest>
    <UnitTest name="getTicketByIDTest" storage="c:\长途汽车售票（姚耀文，徐磊）\ticketbookwebsite5\ticketbooktest\bin\debug\ticketbooktest.dll" id="18ae8939-e637-6c1f-550f-fa6650834d96">
      <Execution id="6f32646e-5691-469c-9065-671491611be2" />
      <TestMethod codeBase="C:/长途汽车售票（姚耀文，徐磊）/TicketBookWebSite5/ticketBookTest/bin/Debug/ticketBookTest.DLL" adapterTypeName="Microsoft.VisualStudio.TestTools.TestTypes.Unit.UnitTestAdapter, Microsoft.VisualStudio.QualityTools.Tips.UnitTest.Adapter, Version=10.0.0.0, Culture=neutral, PublicKeyToken=b03f5f7f11d50a3a" className="ticketBookTest.ticketSessionTest, ticketBookTest, Version=1.0.0.0, Culture=neutral, PublicKeyToken=null" name="getTicketByIDTest" />
    </UnitTest>
  </TestDefinitions>
  <TestLists>
    <TestList name="列表中未列出的结果" id="8c84fa94-04c1-424b-9868-57a2d4851a1d" />
    <TestList name="所有已加载的结果" id="19431567-8539-422a-85d7-44ee4e166bda" />
  </TestLists>
  <TestEntries>
    <TestEntry testId="826d7414-51d6-560f-0706-77f4dc95073a" executionId="102b683f-4d2e-45c0-8819-a3ad520603fa" testListId="8c84fa94-04c1-424b-9868-57a2d4851a1d" />
    <TestEntry testId="ec008cdd-b77f-3422-4fe3-3f3ee3035ae3" executionId="2aada192-f644-4e0b-ad64-83965e88904f" testListId="8c84fa94-04c1-424b-9868-57a2d4851a1d" />
    <TestEntry testId="3cbd35f7-7dc5-e0f4-ae17-6e1cb060f3ae" executionId="a16d1b0c-46de-44c2-98ea-8298aa58d77d" testListId="8c84fa94-04c1-424b-9868-57a2d4851a1d" />
    <TestEntry testId="5ec55872-1f8e-7b8d-b15c-1dc76c5edf4b" executionId="edf33e3c-364d-4ac0-9e40-2de08b30a5f9" testListId="8c84fa94-04c1-424b-9868-57a2d4851a1d" />
    <TestEntry testId="18ae8939-e637-6c1f-550f-fa6650834d96" executionId="6f32646e-5691-469c-9065-671491611be2" testListId="8c84fa94-04c1-424b-9868-57a2d4851a1d" />
    <TestEntry testId="4622fdb6-a043-3a48-7e51-745a41ef2914" executionId="cf28cc34-c9a0-4148-b1f8-408131998285" testListId="8c84fa94-04c1-424b-9868-57a2d4851a1d" />
    <TestEntry testId="03312413-d668-cc90-6556-2f9539542e50" executionId="11c8be2e-e232-4bdb-8bd5-116b75743262" testListId="8c84fa94-04c1-424b-9868-57a2d4851a1d" />
  </TestEntries>
  <Results>
    <UnitTestResult executionId="102b683f-4d2e-45c0-8819-a3ad520603fa" testId="826d7414-51d6-560f-0706-77f4dc95073a" testName="TestMethod2" computerName="XULEI-PC" duration="00:00:01.9106245" startTime="2012-06-15T13:28:34.3812676+08:00" endTime="2012-06-15T13:28:37.0754217+08:00" testType="13cdc9d9-ddb5-4fa4-a97d-d965ccfc6d4b" outcome="Passed" testListId="8c84fa94-04c1-424b-9868-57a2d4851a1d" relativeResultsDirectory="102b683f-4d2e-45c0-8819-a3ad520603fa">
    </UnitTestResult>
    <UnitTestResult executionId="2aada192-f644-4e0b-ad64-83965e88904f" testId="ec008cdd-b77f-3422-4fe3-3f3ee3035ae3" testName="saveTicketTest" computerName="XULEI-PC" duration="00:00:00.4014273" startTime="2012-06-15T13:28:37.0884224+08:00" endTime="2012-06-15T13:28:37.5054463+08:00" testType="13cdc9d9-ddb5-4fa4-a97d-d965ccfc6d4b" outcome="Passed" testListId="8c84fa94-04c1-424b-9868-57a2d4851a1d" relativeResultsDirectory="2aada192-f644-4e0b-ad64-83965e88904f">
    </UnitTestResult>
    <UnitTestResult executionId="a16d1b0c-46de-44c2-98ea-8298aa58d77d" testId="3cbd35f7-7dc5-e0f4-ae17-6e1cb060f3ae" testName="ValidateUserTest" computerName="XULEI-PC" duration="00:00:31.0577764" startTime="2012-06-15T13:28:37.5254474+08:00" endTime="2012-06-15T13:29:08.5832238+08:00" testType="13cdc9d9-ddb5-4fa4-a97d-d965ccfc6d4b" outcome="Aborted" testListId="8c84fa94-04c1-424b-9868-57a2d4851a1d" relativeResultsDirectory="a16d1b0c-46de-44c2-98ea-8298aa58d77d">
    </UnitTestResult>
    <UnitTestResult executionId="edf33e3c-364d-4ac0-9e40-2de08b30a5f9" testId="5ec55872-1f8e-7b8d-b15c-1dc76c5edf4b" testName="changePasswordTest" computerName="XULEI-PC" testType="13cdc9d9-ddb5-4fa4-a97d-d965ccfc6d4b" outcome="NotExecuted" testListId="8c84fa94-04c1-424b-9868-57a2d4851a1d" relativeResultsDirectory="edf33e3c-364d-4ac0-9e40-2de08b30a5f9">
    </UnitTestResult>
    <UnitTestResult executionId="6f32646e-5691-469c-9065-671491611be2" testId="18ae8939-e637-6c1f-550f-fa6650834d96" testName="getTicketByIDTest" computerName="XULEI-PC" testType="13cdc9d9-ddb5-4fa4-a97d-d965ccfc6d4b" outcome="NotExecuted" testListId="8c84fa94-04c1-424b-9868-57a2d4851a1d" relativeResultsDirectory="6f32646e-5691-469c-9065-671491611be2">
    </UnitTestResult>
    <UnitTestResult executionId="cf28cc34-c9a0-4148-b1f8-408131998285" testId="4622fdb6-a043-3a48-7e51-745a41ef2914" testName="TestMethod1" computerName="XULEI-PC" testType="13cdc9d9-ddb5-4fa4-a97d-d965ccfc6d4b" outcome="NotExecuted" testListId="8c84fa94-04c1-424b-9868-57a2d4851a1d" relativeResultsDirectory="cf28cc34-c9a0-4148-b1f8-408131998285">
    </UnitTestResult>
    <UnitTestResult executionId="11c8be2e-e232-4bdb-8bd5-116b75743262" testId="03312413-d668-cc90-6556-2f9539542e50" testName="addTicketfinanceTest" computerName="XULEI-PC" testType="13cdc9d9-ddb5-4fa4-a97d-d965ccfc6d4b" outcome="NotExecuted" testListId="8c84fa94-04c1-424b-9868-57a2d4851a1d" relativeResultsDirectory="11c8be2e-e232-4bdb-8bd5-116b75743262">
    </UnitTestResult>
  </Results>
</TestRun>