<?xml version="1.0" encoding="UTF-8"?>
<TestRun id="54c9b6c4-7e4a-47e5-b796-416f162cec9a" name="yaowen@YAOWEN-PC 2012-05-16 20:48:28" runUser="yaowen-PC\yaowen" xmlns="http://microsoft.com/schemas/VisualStudio/TeamTest/2010">
  <TestSettings name="本地" id="db2fda1d-3276-4949-a3e6-89f8c2dc06c1">
    <Description>这些设置为本地测试运行的默认测试设置。</Description>
    <Deployment enabled="false" runDeploymentRoot="yaowen_YAOWEN-PC 2012-05-16 20_48_28">
      <DeploymentItem filename="F:\常用软件\Git\shiyan1\SellTicketText\sell_ticket\bin\sell_ticket.dll" />
      <DeploymentItem filename="C:\Users\yaowen\Desktop\Castle.Core.dll" />
      <DeploymentItem filename="F:\常用软件\Git\shiyan1\SellTicketText\castle.dynamicproxy2.dll" />
      <DeploymentItem filename="F:\常用软件\Git\shiyan1\SellTicketText\Iesi.Collections.dll" />
      <DeploymentItem filename="F:\常用软件\Git\shiyan1\SellTicketText\NHibernate.ByteCode.Castle.dll" />
      <DeploymentItem filename="F:\常用软件\Git\shiyan1\SellTicketText\NHibernate.dll" />
    </Deployment>
    <Execution>
      <TestTypeSpecific />
      <AgentRule name="Execution Agents">
      </AgentRule>
    </Execution>
  </TestSettings>
  <Times creation="2012-05-16T20:48:28.1859746+08:00" queuing="2012-05-16T20:48:29.6360575+08:00" start="2012-05-16T20:48:29.8430693+08:00" finish="2012-05-16T20:48:33.8732998+08:00" />
  <ResultSummary outcome="Failed">
    <Counters total="1" executed="1" error="0" failed="1" timeout="0" aborted="0" inconclusive="0" passedButRunAborted="0" notRunnable="0" notExecuted="0" disconnected="0" warning="0" passed="0" completed="0" inProgress="0" pending="0" />
  </ResultSummary>
  <TestDefinitions>
    <UnitTest name="TestMethod2" storage="f:\常用软件\git\shiyan1\selltickettext\selltickettext\bin\debug\selltickettext.dll" id="fa9ec2fd-cdaa-6734-2723-7e17e4bf8504">
      <Execution id="f849de73-60b6-4d0e-b43f-06189512324d" />
      <TestMethod codeBase="F:/常用软件/Git/shiyan1/SellTicketText/SellTicketText/bin/Debug/SellTicketText.DLL" adapterTypeName="Microsoft.VisualStudio.TestTools.TestTypes.Unit.UnitTestAdapter, Microsoft.VisualStudio.QualityTools.Tips.UnitTest.Adapter, Version=10.0.0.0, Culture=neutral, PublicKeyToken=b03f5f7f11d50a3a" className="SellTicketText.UnitTest1, SellTicketText, Version=1.0.0.0, Culture=neutral, PublicKeyToken=null" name="TestMethod2" />
    </UnitTest>
  </TestDefinitions>
  <TestLists>
    <TestList name="列表中未列出的结果" id="8c84fa94-04c1-424b-9868-57a2d4851a1d" />
    <TestList name="所有已加载的结果" id="19431567-8539-422a-85d7-44ee4e166bda" />
  </TestLists>
  <TestEntries>
    <TestEntry testId="fa9ec2fd-cdaa-6734-2723-7e17e4bf8504" executionId="f849de73-60b6-4d0e-b43f-06189512324d" testListId="8c84fa94-04c1-424b-9868-57a2d4851a1d" />
  </TestEntries>
  <Results>
    <UnitTestResult executionId="f849de73-60b6-4d0e-b43f-06189512324d" testId="fa9ec2fd-cdaa-6734-2723-7e17e4bf8504" testName="TestMethod2" computerName="YAOWEN-PC" duration="00:00:01.9776019" startTime="2012-05-16T20:48:30.0090788+08:00" endTime="2012-05-16T20:48:33.7852948+08:00" testType="13cdc9d9-ddb5-4fa4-a97d-d965ccfc6d4b" outcome="Failed" testListId="8c84fa94-04c1-424b-9868-57a2d4851a1d" relativeResultsDirectory="f849de73-60b6-4d0e-b43f-06189512324d">
      <Output>
        <ErrorInfo>
          <Message>测试方法 SellTicketText.UnitTest1.TestMethod2 引发了异常: 
NHibernate.PropertyNotFoundException: Could not find a getter for property 'id' in class 'sell_ticket.seat'</Message>
          <StackTrace>    在 NHibernate.Properties.BasicPropertyAccessor.GetGetter(Type type, String propertyName)
   在 NHibernate.Mapping.Property.GetGetter(Type clazz)
   在 NHibernate.Tuple.Entity.PocoEntityTuplizer.BuildPropertyGetter(Property mappedProperty, PersistentClass mappedEntity)
   在 NHibernate.Tuple.Entity.AbstractEntityTuplizer..ctor(EntityMetamodel entityMetamodel, PersistentClass mappingInfo)
   在 NHibernate.Tuple.Entity.PocoEntityTuplizer..ctor(EntityMetamodel entityMetamodel, PersistentClass mappedEntity)
   在 NHibernate.Tuple.Entity.EntityEntityModeToTuplizerMapping..ctor(PersistentClass mappedEntity, EntityMetamodel em)
   在 NHibernate.Tuple.Entity.EntityMetamodel..ctor(PersistentClass persistentClass, ISessionFactoryImplementor sessionFactory)
   在 NHibernate.Persister.Entity.AbstractEntityPersister..ctor(PersistentClass persistentClass, ICacheConcurrencyStrategy cache, ISessionFactoryImplementor factory)
   在 NHibernate.Persister.Entity.SingleTableEntityPersister..ctor(PersistentClass persistentClass, ICacheConcurrencyStrategy cache, ISessionFactoryImplementor factory, IMapping mapping)
   在 NHibernate.Persister.PersisterFactory.CreateClassPersister(PersistentClass model, ICacheConcurrencyStrategy cache, ISessionFactoryImplementor factory, IMapping cfg)
   在 NHibernate.Impl.SessionFactoryImpl..ctor(Configuration cfg, IMapping mapping, Settings settings, EventListeners listeners)
   在 NHibernate.Cfg.Configuration.BuildSessionFactory()
   在 sell_ticket.NHibernateHelper.GetSessionFactory() 位置 F:\常用软件\Git\shiyan1\SellTicketText\sell_ticket\NHibernateHelper.cs:行号 19
   在 sell_ticket.NHibernateHelper.GetSession() 位置 F:\常用软件\Git\shiyan1\SellTicketText\sell_ticket\NHibernateHelper.cs:行号 26
   在 SellTicketText.UnitTest1.TestMethod2() 位置 F:\常用软件\Git\shiyan1\SellTicketText\SellTicketText\UnitTest1.cs:行号 98
</StackTrace>
        </ErrorInfo>
      </Output>
    </UnitTestResult>
  </Results>
</TestRun>