<?xml version="1.0" encoding="UTF-8"?>
<TestRun id="9eb4f949-e3aa-435e-9db6-f62f48fc5077" name="xulei@XULEI-PC 2012-06-15 13:53:33" runUser="xulei-PC\xulei" xmlns="http://microsoft.com/schemas/VisualStudio/TeamTest/2010">
  <TestSettings name="本地" id="1ff404fe-f118-486d-b728-2179d9e1be88">
    <Description>这些设置为本地测试运行的默认测试设置。</Description>
    <Deployment enabled="false" runDeploymentRoot="xulei_XULEI-PC 2012-06-15 13_53_33">
      <DeploymentItem filename="C:\长途汽车售票（姚耀文，徐磊）\TicketBookWebSite5\DAL\bin\Debug\DAL.dll" />
      <DeploymentItem filename="C:\长途汽车售票（姚耀文，徐磊）\TicketBookWebSite5\Castle.Core.dll" />
      <DeploymentItem filename="C:\长途汽车售票（姚耀文，徐磊）\TicketBookWebSite5\castle.dynamicproxy2.dll" />
      <DeploymentItem filename="C:\长途汽车售票（姚耀文，徐磊）\TicketBookWebSite5\Iesi.Collections.dll" />
      <DeploymentItem filename="C:\长途汽车售票（姚耀文，徐磊）\TicketBookWebSite5\NHibernate.dll" />
      <DeploymentItem filename="C:\长途汽车售票（姚耀文，徐磊）\TicketBookWebSite5\NHibernate.ByteCode.Castle.dll" />
    </Deployment>
    <Execution>
      <TestTypeSpecific />
      <AgentRule name="Execution Agents">
      </AgentRule>
    </Execution>
  </TestSettings>
  <Times creation="2012-06-15T13:53:33.9870401+08:00" queuing="2012-06-15T13:53:35.5001267+08:00" start="2012-06-15T13:53:35.7131388+08:00" finish="2012-06-15T13:53:36.9482095+08:00" />
  <ResultSummary outcome="Error">
    <Counters total="8" executed="1" error="0" failed="0" timeout="0" aborted="1" inconclusive="0" passedButRunAborted="0" notRunnable="0" notExecuted="7" disconnected="0" warning="0" passed="0" completed="0" inProgress="0" pending="0" />
    <RunInfos>
      <RunInfo computerName="XULEI-PC" outcome="Error" timestamp="2012-06-15T13:53:36.9452093+08:00">
        <Text>测试宿主进程意外退出。</Text>
      </RunInfo>
    </RunInfos>
  </ResultSummary>
  <TestDefinitions>
    <UnitTest name="addTicketfinanceTest" storage="c:\长途汽车售票（姚耀文，徐磊）\ticketbookwebsite5\ticketbooktest\bin\debug\ticketbooktest.dll" id="03312413-d668-cc90-6556-2f9539542e50">
      <Execution id="0beadd76-72eb-4463-8c96-5ae992e386a8" />
      <TestMethod codeBase="C:/长途汽车售票（姚耀文，徐磊）/TicketBookWebSite5/ticketBookTest/bin/Debug/ticketBookTest.DLL" adapterTypeName="Microsoft.VisualStudio.TestTools.TestTypes.Unit.UnitTestAdapter, Microsoft.VisualStudio.QualityTools.Tips.UnitTest.Adapter, Version=10.0.0.0, Culture=neutral, PublicKeyToken=b03f5f7f11d50a3a" className="ticketBookTest.ticketfinanceSessionTest, ticketBookTest, Version=1.0.0.0, Culture=neutral, PublicKeyToken=null" name="addTicketfinanceTest" />
    </UnitTest>
    <UnitTest name="saveTicketTest" storage="c:\长途汽车售票（姚耀文，徐磊）\ticketbookwebsite5\ticketbooktest\bin\debug\ticketbooktest.dll" id="ec008cdd-b77f-3422-4fe3-3f3ee3035ae3">
      <Execution id="38b2f3fc-e639-4d05-996f-4b77e4755028" />
      <TestMethod codeBase="C:/长途汽车售票（姚耀文，徐磊）/TicketBookWebSite5/ticketBookTest/bin/Debug/ticketBookTest.DLL" adapterTypeName="Microsoft.VisualStudio.TestTools.TestTypes.Unit.UnitTestAdapter, Microsoft.VisualStudio.QualityTools.Tips.UnitTest.Adapter, Version=10.0.0.0, Culture=neutral, PublicKeyToken=b03f5f7f11d50a3a" className="ticketBookTest.preferentialSessionTest, ticketBookTest, Version=1.0.0.0, Culture=neutral, PublicKeyToken=null" name="saveTicketTest" />
    </UnitTest>
    <UnitTest name="ValidateUserTest" storage="c:\长途汽车售票（姚耀文，徐磊）\ticketbookwebsite5\ticketbooktest\bin\debug\ticketbooktest.dll" id="3cbd35f7-7dc5-e0f4-ae17-6e1cb060f3ae">
      <Execution id="fea97706-c58a-4fc3-a032-4bdd3cb46638" />
      <TestMethod codeBase="C:/长途汽车售票（姚耀文，徐磊）/TicketBookWebSite5/ticketBookTest/bin/Debug/ticketBookTest.DLL" adapterTypeName="Microsoft.VisualStudio.TestTools.TestTypes.Unit.UnitTestAdapter, Microsoft.VisualStudio.QualityTools.Tips.UnitTest.Adapter, Version=10.0.0.0, Culture=neutral, PublicKeyToken=b03f5f7f11d50a3a" className="ticketBookTest.UserSessionTest, ticketBookTest, Version=1.0.0.0, Culture=neutral, PublicKeyToken=null" name="ValidateUserTest" />
    </UnitTest>
    <UnitTest name="changePasswordTest" storage="c:\长途汽车售票（姚耀文，徐磊）\ticketbookwebsite5\ticketbooktest\bin\debug\ticketbooktest.dll" id="5ec55872-1f8e-7b8d-b15c-1dc76c5edf4b">
      <Execution id="0c9d4b5f-5edd-43c3-b6ac-af5fee42c31a" />
      <TestMethod codeBase="C:/长途汽车售票（姚耀文，徐磊）/TicketBookWebSite5/ticketBookTest/bin/Debug/ticketBookTest.DLL" adapterTypeName="Microsoft.VisualStudio.TestTools.TestTypes.Unit.UnitTestAdapter, Microsoft.VisualStudio.QualityTools.Tips.UnitTest.Adapter, Version=10.0.0.0, Culture=neutral, PublicKeyToken=b03f5f7f11d50a3a" className="ticketBookTest.UserSessionTest, ticketBookTest, Version=1.0.0.0, Culture=neutral, PublicKeyToken=null" name="changePasswordTest" />
    </UnitTest>
    <UnitTest name="TestMethod1" storage="c:\长途汽车售票（姚耀文，徐磊）\ticketbookwebsite5\ticketbooktest\bin\debug\ticketbooktest.dll" id="4622fdb6-a043-3a48-7e51-745a41ef2914">
      <Execution id="f75570a4-7797-45bc-b76b-ecd1e3e0a290" />
      <TestMethod codeBase="C:/长途汽车售票（姚耀文，徐磊）/TicketBookWebSite5/ticketBookTest/bin/Debug/ticketBookTest.DLL" adapterTypeName="Microsoft.VisualStudio.TestTools.TestTypes.Unit.UnitTestAdapter, Microsoft.VisualStudio.QualityTools.Tips.UnitTest.Adapter, Version=10.0.0.0, Culture=neutral, PublicKeyToken=b03f5f7f11d50a3a" className="ticketBookTest.ticketfinanceText, ticketBookTest, Version=1.0.0.0, Culture=neutral, PublicKeyToken=null" name="TestMethod1" />
    </UnitTest>
    <UnitTest name="TestMethod2" storage="c:\长途汽车售票（姚耀文，徐磊）\ticketbookwebsite5\ticketbooktest\bin\debug\ticketbooktest.dll" id="826d7414-51d6-560f-0706-77f4dc95073a">
      <Execution id="416b264c-ec17-4ab4-8dfc-fb79b0b8402b" />
      <TestMethod codeBase="C:/长途汽车售票（姚耀文，徐磊）/TicketBookWebSite5/ticketBookTest/bin/Debug/ticketBookTest.DLL" adapterTypeName="Microsoft.VisualStudio.TestTools.TestTypes.Unit.UnitTestAdapter, Microsoft.VisualStudio.QualityTools.Tips.UnitTest.Adapter, Version=10.0.0.0, Culture=neutral, PublicKeyToken=b03f5f7f11d50a3a" className="ticketBookTest.UnitTest1, ticketBookTest, Version=1.0.0.0, Culture=neutral, PublicKeyToken=null" name="TestMethod2" />
    </UnitTest>
    <UnitTest name="deleteUserInfoTest" storage="c:\长途汽车售票（姚耀文，徐磊）\ticketbookwebsite5\ticketbooktest\bin\debug\ticketbooktest.dll" id="da61d5ec-e326-681f-bb78-14e17f11e4aa">
      <Execution id="1e505845-0928-4583-85b0-0d08b158a7f8" />
      <TestMethod codeBase="C:/长途汽车售票（姚耀文，徐磊）/TicketBookWebSite5/ticketBookTest/bin/Debug/ticketBookTest.DLL" adapterTypeName="Microsoft.VisualStudio.TestTools.TestTypes.Unit.UnitTestAdapter, Microsoft.VisualStudio.QualityTools.Tips.UnitTest.Adapter, Version=10.0.0.0, Culture=neutral, PublicKeyToken=b03f5f7f11d50a3a" className="ticketBookTest.UserSessionTest, ticketBookTest, Version=1.0.0.0, Culture=neutral, PublicKeyToken=null" name="deleteUserInfoTest" />
    </UnitTest>
    <UnitTest name="getTicketByIDTest" storage="c:\长途汽车售票（姚耀文，徐磊）\ticketbookwebsite5\ticketbooktest\bin\debug\ticketbooktest.dll" id="18ae8939-e637-6c1f-550f-fa6650834d96">
      <Execution id="051e785f-a324-48c4-ba11-f8d59614681a" />
      <TestMethod codeBase="C:/长途汽车售票（姚耀文，徐磊）/TicketBookWebSite5/ticketBookTest/bin/Debug/ticketBookTest.DLL" adapterTypeName="Microsoft.VisualStudio.TestTools.TestTypes.Unit.UnitTestAdapter, Microsoft.VisualStudio.QualityTools.Tips.UnitTest.Adapter, Version=10.0.0.0, Culture=neutral, PublicKeyToken=b03f5f7f11d50a3a" className="ticketBookTest.ticketSessionTest, ticketBookTest, Version=1.0.0.0, Culture=neutral, PublicKeyToken=null" name="getTicketByIDTest" />
    </UnitTest>
  </TestDefinitions>
  <TestLists>
    <TestList name="列表中未列出的结果" id="8c84fa94-04c1-424b-9868-57a2d4851a1d" />
    <TestList name="所有已加载的结果" id="19431567-8539-422a-85d7-44ee4e166bda" />
  </TestLists>
  <TestEntries>
    <TestEntry testId="826d7414-51d6-560f-0706-77f4dc95073a" executionId="416b264c-ec17-4ab4-8dfc-fb79b0b8402b" testListId="8c84fa94-04c1-424b-9868-57a2d4851a1d" />
    <TestEntry testId="ec008cdd-b77f-3422-4fe3-3f3ee3035ae3" executionId="38b2f3fc-e639-4d05-996f-4b77e4755028" testListId="8c84fa94-04c1-424b-9868-57a2d4851a1d" />
    <TestEntry testId="3cbd35f7-7dc5-e0f4-ae17-6e1cb060f3ae" executionId="fea97706-c58a-4fc3-a032-4bdd3cb46638" testListId="8c84fa94-04c1-424b-9868-57a2d4851a1d" />
    <TestEntry testId="5ec55872-1f8e-7b8d-b15c-1dc76c5edf4b" executionId="0c9d4b5f-5edd-43c3-b6ac-af5fee42c31a" testListId="8c84fa94-04c1-424b-9868-57a2d4851a1d" />
    <TestEntry testId="18ae8939-e637-6c1f-550f-fa6650834d96" executionId="051e785f-a324-48c4-ba11-f8d59614681a" testListId="8c84fa94-04c1-424b-9868-57a2d4851a1d" />
    <TestEntry testId="4622fdb6-a043-3a48-7e51-745a41ef2914" executionId="f75570a4-7797-45bc-b76b-ecd1e3e0a290" testListId="8c84fa94-04c1-424b-9868-57a2d4851a1d" />
    <TestEntry testId="da61d5ec-e326-681f-bb78-14e17f11e4aa" executionId="1e505845-0928-4583-85b0-0d08b158a7f8" testListId="8c84fa94-04c1-424b-9868-57a2d4851a1d" />
    <TestEntry testId="03312413-d668-cc90-6556-2f9539542e50" executionId="0beadd76-72eb-4463-8c96-5ae992e386a8" testListId="8c84fa94-04c1-424b-9868-57a2d4851a1d" />
  </TestEntries>
  <Results>
    <UnitTestResult executionId="416b264c-ec17-4ab4-8dfc-fb79b0b8402b" testId="826d7414-51d6-560f-0706-77f4dc95073a" testName="TestMethod2" computerName="XULEI-PC" duration="00:00:01.0930625" startTime="2012-06-15T13:53:35.8541469+08:00" endTime="2012-06-15T13:53:36.9472094+08:00" testType="13cdc9d9-ddb5-4fa4-a97d-d965ccfc6d4b" outcome="Aborted" testListId="8c84fa94-04c1-424b-9868-57a2d4851a1d" relativeResultsDirectory="416b264c-ec17-4ab4-8dfc-fb79b0b8402b">
    </UnitTestResult>
    <UnitTestResult executionId="38b2f3fc-e639-4d05-996f-4b77e4755028" testId="ec008cdd-b77f-3422-4fe3-3f3ee3035ae3" testName="saveTicketTest" computerName="XULEI-PC" testType="13cdc9d9-ddb5-4fa4-a97d-d965ccfc6d4b" outcome="NotExecuted" testListId="8c84fa94-04c1-424b-9868-57a2d4851a1d" relativeResultsDirectory="38b2f3fc-e639-4d05-996f-4b77e4755028">
    </UnitTestResult>
    <UnitTestResult executionId="fea97706-c58a-4fc3-a032-4bdd3cb46638" testId="3cbd35f7-7dc5-e0f4-ae17-6e1cb060f3ae" testName="ValidateUserTest" computerName="XULEI-PC" testType="13cdc9d9-ddb5-4fa4-a97d-d965ccfc6d4b" outcome="NotExecuted" testListId="8c84fa94-04c1-424b-9868-57a2d4851a1d" relativeResultsDirectory="fea97706-c58a-4fc3-a032-4bdd3cb46638">
    </UnitTestResult>
    <UnitTestResult executionId="0c9d4b5f-5edd-43c3-b6ac-af5fee42c31a" testId="5ec55872-1f8e-7b8d-b15c-1dc76c5edf4b" testName="changePasswordTest" computerName="XULEI-PC" testType="13cdc9d9-ddb5-4fa4-a97d-d965ccfc6d4b" outcome="NotExecuted" testListId="8c84fa94-04c1-424b-9868-57a2d4851a1d" relativeResultsDirectory="0c9d4b5f-5edd-43c3-b6ac-af5fee42c31a">
    </UnitTestResult>
    <UnitTestResult executionId="051e785f-a324-48c4-ba11-f8d59614681a" testId="18ae8939-e637-6c1f-550f-fa6650834d96" testName="getTicketByIDTest" computerName="XULEI-PC" testType="13cdc9d9-ddb5-4fa4-a97d-d965ccfc6d4b" outcome="NotExecuted" testListId="8c84fa94-04c1-424b-9868-57a2d4851a1d" relativeResultsDirectory="051e785f-a324-48c4-ba11-f8d59614681a">
    </UnitTestResult>
    <UnitTestResult executionId="f75570a4-7797-45bc-b76b-ecd1e3e0a290" testId="4622fdb6-a043-3a48-7e51-745a41ef2914" testName="TestMethod1" computerName="XULEI-PC" testType="13cdc9d9-ddb5-4fa4-a97d-d965ccfc6d4b" outcome="NotExecuted" testListId="8c84fa94-04c1-424b-9868-57a2d4851a1d" relativeResultsDirectory="f75570a4-7797-45bc-b76b-ecd1e3e0a290">
    </UnitTestResult>
    <UnitTestResult executionId="1e505845-0928-4583-85b0-0d08b158a7f8" testId="da61d5ec-e326-681f-bb78-14e17f11e4aa" testName="deleteUserInfoTest" computerName="XULEI-PC" testType="13cdc9d9-ddb5-4fa4-a97d-d965ccfc6d4b" outcome="NotExecuted" testListId="8c84fa94-04c1-424b-9868-57a2d4851a1d" relativeResultsDirectory="1e505845-0928-4583-85b0-0d08b158a7f8">
    </UnitTestResult>
    <UnitTestResult executionId="0beadd76-72eb-4463-8c96-5ae992e386a8" testId="03312413-d668-cc90-6556-2f9539542e50" testName="addTicketfinanceTest" computerName="XULEI-PC" testType="13cdc9d9-ddb5-4fa4-a97d-d965ccfc6d4b" outcome="NotExecuted" testListId="8c84fa94-04c1-424b-9868-57a2d4851a1d" relativeResultsDirectory="0beadd76-72eb-4463-8c96-5ae992e386a8">
    </UnitTestResult>
  </Results>
</TestRun>